// Jest Snapshot v1, https://goo.gl/fbAQLP

exports[`<InfoPanel /> <InfoPanel hidden /> Renders properly 1`] = `
<InfoPanel
  fixed="true"
  fluid="true"
  hidden={true}
  title="some title"
>
  <Col
    bsClass="col"
    className="nera_box"
    componentClass="div"
  >
    <div
      className="nera_box"
    >
      <div
        className="nera_box_content"
      >
        <div
          className="nera_box_header nera_box_header_hover"
          onClick={[Function]}
          style={
            Object {
              "cursor": "pointer",
            }
          }
        >
          some title
          <FontAwesome
            name="angle-down"
          >
            <span
              aria-hidden={true}
              className="fa fa-angle-down"
            />
          </FontAwesome>
        </div>
        <div
          className="nera_box_body"
          style={
            Object {
              "display": "none",
              "minHeight": "inherit",
              "padding": "10px",
              "width": "100%",
            }
          }
        >
          Test
        </div>
      </div>
    </div>
  </Col>
</InfoPanel>
`;

exports[`<InfoPanel /> Renders properly 1`] = `
<InfoPanel
  fixed="true"
  fluid="true"
  hidden={true}
  title="some title"
>
  <Col
    bsClass="col"
    className="nera_box"
    componentClass="div"
  >
    <div
      className="nera_box"
    >
      <div
        className="nera_box_content"
      >
        <div
          className="nera_box_header nera_box_header_hover"
          onClick={[Function]}
          style={
            Object {
              "cursor": "pointer",
            }
          }
        >
          some title
          <FontAwesome
            name="angle-down"
          >
            <span
              aria-hidden={true}
              className="fa fa-angle-down"
            />
          </FontAwesome>
        </div>
        <div
          className="nera_box_body"
          style={
            Object {
              "display": "none",
              "minHeight": "inherit",
              "padding": "10px",
              "width": "100%",
            }
          }
        >
          Test
        </div>
      </div>
    </div>
  </Col>
</InfoPanel>
`;
